// Jest Snapshot v1, https://goo.gl/fbAQLP

exports[`if it matches snapshot 1`] = `
<DocumentFragment>
  <h1>
    Loading
  </h1>
</DocumentFragment>
`;
