// Jest Snapshot v1, https://goo.gl/fbAQLP

exports[`if matches snapshot 1`] = `
<DocumentFragment>
  <div
    class="Routes"
  >
    <div
      class="Home"
    >
      <h1>
        Jobly
      </h1>
      <p>
        All the jobs in one convenient place.
      </p>
      <div>
        <a
          href="/login"
        >
          Log in
        </a>
        <a
          href="/signup"
        >
          Sign up
        </a>
      </div>
    </div>
  </div>
</DocumentFragment>
`;
